nohup: ignoring input
/home/spcai/venv-te/lib/python3.12/site-packages/xgboost/core.py:160: UserWarning: [00:42:02] WARNING: /workspace/src/common/error_msg.cc:58: Falling back to prediction using DMatrix due to mismatched devices. This might lead to higher memory usage and slower performance. XGBoost is running on: cuda:0, while the input data is on: cpu.
Potential solutions:
- Use a data structure that matches the device ordinal in the booster.
- Set the device for booster before call to inplace_predict.

This warning will only be shown once.

  warnings.warn(smsg, UserWarning)
S_repeat0_fold0: selected + temperature 0.7705 | committed selected 0.7478, all 397 0.7975 [cuda] (4.9s) | control refit equals committed: True
S_repeat0_fold1: selected + temperature 0.7324 | committed selected 0.7179, all 397 0.7678 [cuda] (4.8s)
S_repeat0_fold2: selected + temperature 0.7227 | committed selected 0.7047, all 397 0.7540 [cuda] (4.8s)
S_repeat0_fold3: selected + temperature 0.7287 | committed selected 0.7166, all 397 0.7370 [cuda] (4.6s)
S_repeat0_fold4: selected + temperature 0.6827 | committed selected 0.6548, all 397 0.7231 [cuda] (5.0s)
S_repeat1_fold0: selected + temperature 0.6913 | committed selected 0.6720, all 397 0.7370 [cuda] (4.7s)
S_repeat1_fold1: selected + temperature 0.7743 | committed selected 0.7635, all 397 0.7864 [cuda] (4.6s)
S_repeat1_fold2: selected + temperature 0.7393 | committed selected 0.7209, all 397 0.7724 [cuda] (4.8s)
S_repeat1_fold3: selected + temperature 0.7330 | committed selected 0.7156, all 397 0.7572 [cuda] (4.9s)
S_repeat1_fold4: selected + temperature 0.6903 | committed selected 0.6703, all 397 0.7263 [cuda] (4.9s)
S_repeat2_fold0: selected + temperature 0.7625 | committed selected 0.7474, all 397 0.7935 [cuda] (4.9s)
S_repeat2_fold1: selected + temperature 0.7297 | committed selected 0.7018, all 397 0.7681 [cuda] (5.0s)
S_repeat2_fold2: selected + temperature 0.7494 | committed selected 0.7369, all 397 0.7760 [cuda] (4.8s)
S_repeat2_fold3: selected + temperature 0.6961 | committed selected 0.6768, all 397 0.7398 [cuda] (4.9s)
S_repeat2_fold4: selected + temperature 0.6596 | committed selected 0.6304, all 397 0.6836 [cuda] (4.7s)
S_repeat3_fold0: selected + temperature 0.7691 | committed selected 0.7482, all 397 0.7818 [cuda] (5.0s)
S_repeat3_fold1: selected + temperature 0.7203 | committed selected 0.7014, all 397 0.7424 [cuda] (4.8s)
S_repeat3_fold2: selected + temperature 0.6123 | committed selected 0.5984, all 397 0.6594 [cuda] (4.8s)
S_repeat3_fold3: selected + temperature 0.7352 | committed selected 0.7100, all 397 0.7645 [cuda] (4.9s)
S_repeat3_fold4: selected + temperature 0.7459 | committed selected 0.7270, all 397 0.7735 [cuda] (4.8s)
S_repeat4_fold0: selected + temperature 0.7114 | committed selected 0.7058, all 397 0.7529 [cuda] (4.9s)
S_repeat4_fold1: selected + temperature 0.7307 | committed selected 0.7313, all 397 0.7671 [cuda] (4.6s)
S_repeat4_fold2: selected + temperature 0.6854 | committed selected 0.6758, all 397 0.7590 [cuda] (5.0s)
S_repeat4_fold3: selected + temperature 0.6737 | committed selected 0.6577, all 397 0.7131 [cuda] (4.8s)
S_repeat4_fold4: selected + temperature 0.6988 | committed selected 0.6748, all 397 0.7424 [cuda] (4.8s)
sigma_repeat0_fold0: selected + temperature 0.6691 | committed selected 0.6501, all 397 0.6847 [cuda] (5.6s) | control refit equals committed: True
sigma_repeat0_fold1: selected + temperature 0.7251 | committed selected 0.7102, all 397 0.7347 [cuda] (5.8s)
sigma_repeat0_fold2: selected + temperature 0.6762 | committed selected 0.6477, all 397 0.7102 [cuda] (5.8s)
sigma_repeat0_fold3: selected + temperature 0.6821 | committed selected 0.6550, all 397 0.6986 [cuda] (5.8s)
sigma_repeat0_fold4: selected + temperature 0.6518 | committed selected 0.6227, all 397 0.6655 [cuda] (5.8s)
sigma_repeat1_fold0: selected + temperature 0.7070 | committed selected 0.6887, all 397 0.7204 [cuda] (5.9s)
sigma_repeat1_fold1: selected + temperature 0.7016 | committed selected 0.6712, all 397 0.7136 [cuda] (5.7s)
sigma_repeat1_fold2: selected + temperature 0.6406 | committed selected 0.6178, all 397 0.6540 [cuda] (5.6s)
sigma_repeat1_fold3: selected + temperature 0.6557 | committed selected 0.6383, all 397 0.6645 [cuda] (5.6s)
sigma_repeat1_fold4: selected + temperature 0.7323 | committed selected 0.7078, all 397 0.7452 [cuda] (5.8s)
sigma_repeat2_fold0: selected + temperature 0.6366 | committed selected 0.6201, all 397 0.6602 [cuda] (5.8s)
sigma_repeat2_fold1: selected + temperature 0.6487 | committed selected 0.6172, all 397 0.6710 [cuda] (5.7s)
sigma_repeat2_fold2: selected + temperature 0.7203 | committed selected 0.6951, all 397 0.7318 [cuda] (5.7s)
sigma_repeat2_fold3: selected + temperature 0.7033 | committed selected 0.6792, all 397 0.7071 [cuda] (5.9s)
sigma_repeat2_fold4: selected + temperature 0.7328 | committed selected 0.7037, all 397 0.7409 [cuda] (5.8s)
sigma_repeat3_fold0: selected + temperature 0.6623 | committed selected 0.6412, all 397 0.6727 [cuda] (5.9s)
sigma_repeat3_fold1: selected + temperature 0.6932 | committed selected 0.6738, all 397 0.7130 [cuda] (5.8s)
sigma_repeat3_fold2: selected + temperature 0.6984 | committed selected 0.6668, all 397 0.6976 [cuda] (5.7s)
sigma_repeat3_fold3: selected + temperature 0.6910 | committed selected 0.6652, all 397 0.7144 [cuda] (5.5s)
sigma_repeat3_fold4: selected + temperature 0.6656 | committed selected 0.6499, all 397 0.6825 [cuda] (5.9s)
sigma_repeat4_fold0: selected + temperature 0.7349 | committed selected 0.7154, all 397 0.7492 [cuda] (5.8s)
sigma_repeat4_fold1: selected + temperature 0.6496 | committed selected 0.6315, all 397 0.6757 [cuda] (5.7s)
sigma_repeat4_fold2: selected + temperature 0.6870 | committed selected 0.6541, all 397 0.6975 [cuda] (5.7s)
sigma_repeat4_fold3: selected + temperature 0.6303 | committed selected 0.6089, all 397 0.6515 [cuda] (5.7s)
sigma_repeat4_fold4: selected + temperature 0.6911 | committed selected 0.6661, all 397 0.7076 [cuda] (5.7s)
kappa_repeat0_fold0: selected + temperature 0.7936 | committed selected 0.7682, all 397 0.8120 [cuda] (2.6s) | control refit equals committed: True
kappa_repeat0_fold1: selected + temperature 0.7823 | committed selected 0.7593, all 397 0.7916 [cuda] (2.6s)
kappa_repeat0_fold2: selected + temperature 0.7874 | committed selected 0.7427, all 397 0.8046 [cuda] (2.6s)
kappa_repeat0_fold3: selected + temperature 0.8285 | committed selected 0.8033, all 397 0.8397 [cuda] (2.5s)
kappa_repeat0_fold4: selected + temperature 0.7874 | committed selected 0.7340, all 397 0.7992 [cuda] (2.4s)
kappa_repeat1_fold0: selected + temperature 0.7815 | committed selected 0.7499, all 397 0.7863 [cuda] (2.5s)
kappa_repeat1_fold1: selected + temperature 0.8079 | committed selected 0.7767, all 397 0.8347 [cuda] (2.5s)
kappa_repeat1_fold2: selected + temperature 0.7706 | committed selected 0.7420, all 397 0.7924 [cuda] (2.5s)
kappa_repeat1_fold3: selected + temperature 0.8278 | committed selected 0.7981, all 397 0.8262 [cuda] (2.5s)
kappa_repeat1_fold4: selected + temperature 0.7796 | committed selected 0.7267, all 397 0.7826 [cuda] (2.5s)
kappa_repeat2_fold0: selected + temperature 0.7611 | committed selected 0.7163, all 397 0.7693 [cuda] (2.5s)
kappa_repeat2_fold1: selected + temperature 0.7891 | committed selected 0.7582, all 397 0.8062 [cuda] (2.6s)
kappa_repeat2_fold2: selected + temperature 0.7740 | committed selected 0.7531, all 397 0.7897 [cuda] (2.6s)
kappa_repeat2_fold3: selected + temperature 0.8092 | committed selected 0.7722, all 397 0.8192 [cuda] (2.6s)
kappa_repeat2_fold4: selected + temperature 0.8127 | committed selected 0.7839, all 397 0.8311 [cuda] (2.5s)
kappa_repeat3_fold0: selected + temperature 0.7926 | committed selected 0.7574, all 397 0.8193 [cuda] (2.5s)
kappa_repeat3_fold1: selected + temperature 0.8005 | committed selected 0.7724, all 397 0.8056 [cuda] (2.6s)
kappa_repeat3_fold2: selected + temperature 0.7891 | committed selected 0.7637, all 397 0.7996 [cuda] (2.5s)
kappa_repeat3_fold3: selected + temperature 0.7860 | committed selected 0.7582, all 397 0.8051 [cuda] (2.5s)
kappa_repeat3_fold4: selected + temperature 0.7802 | committed selected 0.7375, all 397 0.7976 [cuda] (2.5s)
kappa_repeat4_fold0: selected + temperature 0.7854 | committed selected 0.7434, all 397 0.8010 [cuda] (2.6s)
kappa_repeat4_fold1: selected + temperature 0.7692 | committed selected 0.7435, all 397 0.7893 [cuda] (2.5s)
kappa_repeat4_fold2: selected + temperature 0.8014 | committed selected 0.7775, all 397 0.8165 [cuda] (2.5s)
kappa_repeat4_fold3: selected + temperature 0.8027 | committed selected 0.7452, all 397 0.8201 [cuda] (2.5s)
kappa_repeat4_fold4: selected + temperature 0.7898 | committed selected 0.7649, all 397 0.8060 [cuda] (2.5s)
zT_repeat0_fold0: selected + temperature 0.7558 | committed selected 0.4956, all 397 0.7732 [cuda] (3.8s) | control refit equals committed: True
zT_repeat0_fold1: selected + temperature 0.7483 | committed selected 0.4005, all 397 0.7601 [cuda] (3.8s)
zT_repeat0_fold2: selected + temperature 0.6799 | committed selected 0.4311, all 397 0.6861 [cuda] (3.8s)
zT_repeat0_fold3: selected + temperature 0.6511 | committed selected 0.3693, all 397 0.6763 [cuda] (3.8s)
zT_repeat0_fold4: selected + temperature 0.7898 | committed selected 0.4997, all 397 0.8049 [cuda] (3.9s)
zT_repeat1_fold0: selected + temperature 0.7444 | committed selected 0.4875, all 397 0.7559 [cuda] (3.9s)
zT_repeat1_fold1: selected + temperature 0.7144 | committed selected 0.4309, all 397 0.7069 [cuda] (3.8s)
zT_repeat1_fold2: selected + temperature 0.7603 | committed selected 0.4496, all 397 0.7764 [cuda] (3.9s)
zT_repeat1_fold3: selected + temperature 0.6847 | committed selected 0.4122, all 397 0.7144 [cuda] (3.8s)
zT_repeat1_fold4: selected + temperature 0.7738 | committed selected 0.4695, all 397 0.7782 [cuda] (3.8s)
zT_repeat2_fold0: selected + temperature 0.7537 | committed selected 0.4925, all 397 0.7402 [cuda] (3.8s)
zT_repeat2_fold1: selected + temperature 0.7067 | committed selected 0.4189, all 397 0.7187 [cuda] (3.9s)
zT_repeat2_fold2: selected + temperature 0.6866 | committed selected 0.4112, all 397 0.6911 [cuda] (3.9s)
zT_repeat2_fold3: selected + temperature 0.7669 | committed selected 0.4387, all 397 0.7816 [cuda] (3.9s)
zT_repeat2_fold4: selected + temperature 0.7492 | committed selected 0.4535, all 397 0.7498 [cuda] (3.8s)
zT_repeat3_fold0: selected + temperature 0.7523 | committed selected 0.4178, all 397 0.7797 [cuda] (3.9s)
zT_repeat3_fold1: selected + temperature 0.6994 | committed selected 0.4350, all 397 0.6984 [cuda] (3.8s)
zT_repeat3_fold2: selected + temperature 0.6882 | committed selected 0.4389, all 397 0.6788 [cuda] (3.8s)
zT_repeat3_fold3: selected + temperature 0.7547 | committed selected 0.4493, all 397 0.7728 [cuda] (3.9s)
zT_repeat3_fold4: selected + temperature 0.7849 | committed selected 0.5181, all 397 0.8035 [cuda] (3.8s)
zT_repeat4_fold0: selected + temperature 0.7125 | committed selected 0.4493, all 397 0.7311 [cuda] (3.8s)
zT_repeat4_fold1: selected + temperature 0.6711 | committed selected 0.3956, all 397 0.6720 [cuda] (3.9s)
zT_repeat4_fold2: selected + temperature 0.7448 | committed selected 0.4716, all 397 0.7556 [cuda] (3.8s)
zT_repeat4_fold3: selected + temperature 0.7777 | committed selected 0.4469, all 397 0.7909 [cuda] (3.8s)
zT_repeat4_fold4: selected + temperature 0.7809 | committed selected 0.4913, all 397 0.7652 [cuda] (3.9s)
wrote /home/spcai/runs/na13_temperature (100 units; accepted_as_result True)
